// Jest Snapshot v1, https://goo.gl/fbAQLP

exports[`SearchBar Component expect to render Search Bar 1`] = `ShallowWrapper {}`;
