// Jest Snapshot v1, https://goo.gl/fbAQLP

exports[`App Component expect to render App 1`] = `ShallowWrapper {}`;
